mode: set
github.com/GoogleCloudPlatform/microservices-demo/src/favoritesservice/main.go:41.108,42.22 1 0
github.com/GoogleCloudPlatform/microservices-demo/src/favoritesservice/main.go:42.22,44.3 1 0
github.com/GoogleCloudPlatform/microservices-demo/src/favoritesservice/main.go:45.2,45.25 1 0
github.com/GoogleCloudPlatform/microservices-demo/src/favoritesservice/main.go:45.25,47.3 1 0
github.com/GoogleCloudPlatform/microservices-demo/src/favoritesservice/main.go:49.2,52.36 3 0
github.com/GoogleCloudPlatform/microservices-demo/src/favoritesservice/main.go:52.36,54.3 1 0
github.com/GoogleCloudPlatform/microservices-demo/src/favoritesservice/main.go:57.2,57.46 1 0
github.com/GoogleCloudPlatform/microservices-demo/src/favoritesservice/main.go:57.46,58.37 1 0
github.com/GoogleCloudPlatform/microservices-demo/src/favoritesservice/main.go:58.37,60.4 1 0
github.com/GoogleCloudPlatform/microservices-demo/src/favoritesservice/main.go:64.2,71.25 4 0
github.com/GoogleCloudPlatform/microservices-demo/src/favoritesservice/main.go:75.125,76.22 1 0
github.com/GoogleCloudPlatform/microservices-demo/src/favoritesservice/main.go:76.22,78.3 1 0
github.com/GoogleCloudPlatform/microservices-demo/src/favoritesservice/main.go:80.2,84.22 4 0
github.com/GoogleCloudPlatform/microservices-demo/src/favoritesservice/main.go:84.22,86.3 1 0
github.com/GoogleCloudPlatform/microservices-demo/src/favoritesservice/main.go:88.2,90.8 1 0
github.com/GoogleCloudPlatform/microservices-demo/src/favoritesservice/main.go:94.114,95.22 1 0
github.com/GoogleCloudPlatform/microservices-demo/src/favoritesservice/main.go:95.22,97.3 1 0
github.com/GoogleCloudPlatform/microservices-demo/src/favoritesservice/main.go:98.2,98.25 1 0
github.com/GoogleCloudPlatform/microservices-demo/src/favoritesservice/main.go:98.25,100.3 1 0
github.com/GoogleCloudPlatform/microservices-demo/src/favoritesservice/main.go:102.2,105.36 3 0
github.com/GoogleCloudPlatform/microservices-demo/src/favoritesservice/main.go:105.36,107.3 1 0
github.com/GoogleCloudPlatform/microservices-demo/src/favoritesservice/main.go:110.2,111.46 2 0
github.com/GoogleCloudPlatform/microservices-demo/src/favoritesservice/main.go:111.46,112.37 1 0
github.com/GoogleCloudPlatform/microservices-demo/src/favoritesservice/main.go:112.37,114.4 1 0
github.com/GoogleCloudPlatform/microservices-demo/src/favoritesservice/main.go:116.2,119.25 3 0
github.com/GoogleCloudPlatform/microservices-demo/src/favoritesservice/main.go:123.114,124.22 1 0
github.com/GoogleCloudPlatform/microservices-demo/src/favoritesservice/main.go:124.22,126.3 1 0
github.com/GoogleCloudPlatform/microservices-demo/src/favoritesservice/main.go:128.2,133.25 5 0
github.com/GoogleCloudPlatform/microservices-demo/src/favoritesservice/main.go:136.13,138.16 2 0
github.com/GoogleCloudPlatform/microservices-demo/src/favoritesservice/main.go:138.16,140.3 1 0
github.com/GoogleCloudPlatform/microservices-demo/src/favoritesservice/main.go:142.2,148.37 4 0
github.com/GoogleCloudPlatform/microservices-demo/src/favoritesservice/main.go:148.37,150.3 1 0
